------------------------------------------------
Testing Image-to-Video Kling Std: https://api.freepik.com/v1/ai/image-to-video/kling-std
Body: {"prompt":"A cute cat","image":"https://example.com/cat.jpg"}
SUCCESS! Response: {
  "data": {
    "task_id": "684411db-ecaf-4ba2-b619-4511ffa337d0",
    "status": "CREATED",
    "generated": []
  }
}
------------------------------------------------
Testing Image-to-Video Kling v2: https://api.freepik.com/v1/ai/image-to-video/kling-v2
Body: {"prompt":"A cute cat","image":"https://example.com/cat.jpg"}
SUCCESS! Response: {
  "data": {
    "task_id": "0655df26-f760-4c01-97ed-c21ba6b0a5bc",
    "status": "CREATED",
    "generated": []
  }
}
------------------------------------------------
Testing Text-to-Video (Retry): https://api.freepik.com/v1/ai/text-to-video
Body: {"prompt":"A cute cat"}
API Error: 404 {"message":"Not found"}
