src/app/handler/[...stack]/page.tsx(5,11): error TS2741: Property 'fullPage' is missing in type '{ app: StackServerApp<true, string>; }' but required in type 'BaseHandlerProps'.
src/lib/gemini.ts(222,50): error TS2345: Argument of type '{ inlineData?: { data: string; mimeType: string; } | undefined; text?: string | undefined; }[]' is not assignable to parameter of type 'string | GenerateContentRequest | (string | Part)[]'.
  Type '{ inlineData?: { data: string; mimeType: string; } | undefined; text?: string | undefined; }[]' is not assignable to type '(string | Part)[]'.
    Type '{ inlineData?: { data: string; mimeType: string; } | undefined; text?: string | undefined; }' is not assignable to type 'string | Part'.
      Type '{ inlineData?: { data: string; mimeType: string; } | undefined; text?: string | undefined; }' is not assignable to type 'TextPart | InlineDataPart | FunctionCallPart | FunctionResponsePart | FileDataPart | ExecutableCodePart | CodeExecutionResultPart'.
        Property 'codeExecutionResult' is missing in type '{ inlineData?: { data: string; mimeType: string; } | undefined; text?: string | undefined; }' but required in type 'CodeExecutionResultPart'.
